<html>
<body>
<pre>
<h1>µVision Build Log</h1>
<h2>Tool Versions:</h2>
IDE-Version: ¦ÌVision V5.32.0.0
Copyright (C) 2020 ARM Ltd and ARM Germany GmbH. All rights reserved.
License Information: DFGHFGJKH sdfgnmAD, ASDFNHDG, LIC=76F5U-S62X0-30CNC-7N4MK-IMF3W-PU92F
 
Tool Versions:
Toolchain:       MDK-ARM Plus  Version: 5.32.0.0
Toolchain Path:  D:\MDK\ARM\ARMCC\Bin
C Compiler:      Armcc.exe V5.06 update 7 (build 960)
Assembler:       Armasm.exe V5.06 update 7 (build 960)
Linker/Locator:  ArmLink.exe V5.06 update 7 (build 960)
Library Manager: ArmAr.exe V5.06 update 7 (build 960)
Hex Converter:   FromElf.exe V5.06 update 7 (build 960)
CPU DLL:         SARMCM3.DLL V5.32.0.0
Dialog DLL:      DCM.DLL V1.17.3.0
Target DLL:      CMSIS_AGDI.dll V1.32.12.0
Dialog DLL:      TCM.DLL V1.46.0.0
 
<h2>Project:</h2>
E:\ÐÇ³½´óº£\Open\Bird_Final\Bird_Software\MCU\AT32\Bird\User\Caven.uvprojx
Project File Date:  05/05/2023

<h2>Output:</h2>
*** Using Compiler 'V5.06 update 7 (build 960)', folder: 'D:\MDK\ARM\ARMCC\Bin'
Build target 'Default'
compiling Base_SPI.c...
compiling usb_core.c...
compiling usbd_core.c...
compiling Base_ADC.c...
compiling Base_Exist_GPIO.c...
compiling Main.c...
compiling Base_PWM.c...
compiling Base_UART.c...
compiling Base_IIC.c...
compiling Base.c...
compiling Base_Sys_Time.c...
compiling Base_Flash.c...
compiling Control_Mode.c...
compiling HC595.c...
compiling usbd_int.c...
compiling DS18B20.c...
compiling cdc_keyboard_desc.c...
compiling usb_user.c...
compiling lcd.c...
compiling key.c...
compiling HC138.c...
compiling BZZ.c...
compiling cdc_keyboard_class.c...
compiling usbd_sdr.c...
compiling mlx90614.c...
compiling LED.c...
compiling MODE_Tracing.c...
compiling MODE_Motor.c...
compiling Mode.c...
compiling MODE_MP3.c...
compiling API.c...
compiling MODE_Time.c...
compiling Check_CRC16.c...
compiling MODE_UART.c...
compiling MODE_Ultrasonic.c...
compiling DATA_Handle.c...
compiling Steering_engine.c...
compiling Keyboard.c...
compiling libcollections.c...
compiling Time_Handle.c...
linking...
Program Size: Code=19174 RO-data=13130 RW-data=464 ZI-data=2912  
FromELF: creating hex file...
After Build - User command #1: D:\MDK\ARM\ARMCLANG\bin\fromelf.exe --bin --output ../OBJ/Cavendish.bin ../OBJ/Cavendish.axf
"..\OBJ\Cavendish.axf" - 0 Error(s), 0 Warning(s).

<h2>Software Packages used:</h2>

Package Vendor: ArteryTek
                
                ArteryTek.AT32F415_DFP.2.0.6
                ArteryTek AT32F415 Series Device Support,Drivers

<h2>Collection of Component include folders:</h2>
  D:\MDK\ARM\ArteryTek\AT32F415_DFP\2.0.6\Device\Include

<h2>Collection of Component Files used:</h2>
Build Time Elapsed:  00:00:05
</pre>
</body>
</html>
